// Jest Snapshot v1, https://goo.gl/fbAQLP

exports[`ipc main api settings handler get initial s3 settings 1`] = `null`;
